--- Testing Connection with ANON KEY ---
node : Error 
connecting with anon 
key: { message: '' }
In riga:1 car:1
+ node test_anon.js 
> test_output.txt 
2>&1
+ ~~~~~~~~~~~~~~~~~~~
~~~~~~~~~~~~~~~~~~~~~
    + CategoryInfo   
           : NotSpe  
  cified: (Error c   
 onnectin...{ mes    
sage: '' }:Strin    
g) [], RemoteExc    
eption
    + FullyQualified 
   ErrorId : Native  
  CommandError
 
