WARNING:flumine.controls:Order has violated: REPLAY_RIFIUTA_PRIMI Error: rifiuto iniettato dal replay
WARNING:Betfair.stream.scalper.scalper_bot:[scalper] piazzamento RIFIUTATO sel=22 BACK @1.66 per 25.0 (1-esimo, ingressi fermi 1s): Order has violated: REPLAY_RIFIUTA_PRIMI Error: rifiuto iniettato dal replay
WARNING:flumine.controls:Order has violated: REPLAY_RIFIUTA_PRIMI Error: rifiuto iniettato dal replay
WARNING:Betfair.stream.scalper.scalper_bot:[scalper] piazzamento RIFIUTATO sel=22 BACK @1.66 per 25.0 (2-esimo, ingressi fermi 2s): Order has violated: REPLAY_RIFIUTA_PRIMI Error: rifiuto iniettato dal replay
WARNING:flumine.controls:Order has violated: REPLAY_RIFIUTA_PRIMI Error: rifiuto iniettato dal replay
WARNING:Betfair.stream.scalper.scalper_bot:[scalper] piazzamento RIFIUTATO sel=22 BACK @1.66 per 25.0 (3-esimo, ingressi fermi 4s): Order has violated: REPLAY_RIFIUTA_PRIMI Error: rifiuto iniettato dal replay
WARNING:flumine.controls:Order has violated: REPLAY_RIFIUTA_PRIMI Error: rifiuto iniettato dal replay
WARNING:Betfair.stream.scalper.scalper_bot:[scalper] piazzamento RIFIUTATO sel=22 BACK @1.66 per 25.0 (4-esimo, ingressi fermi 8s): Order has violated: REPLAY_RIFIUTA_PRIMI Error: rifiuto iniettato dal replay
WARNING:flumine.controls:Order has violated: REPLAY_RIFIUTA_PRIMI Error: rifiuto iniettato dal replay
WARNING:Betfair.stream.scalper.scalper_bot:[scalper] piazzamento RIFIUTATO sel=22 BACK @1.66 per 25.0 (5-esimo, ingressi fermi 16s): Order has violated: REPLAY_RIFIUTA_PRIMI Error: rifiuto iniettato dal replay
WARNING:flumine.controls:Order has violated: REPLAY_RIFIUTA_PRIMI Error: rifiuto iniettato dal replay
WARNING:Betfair.stream.scalper.scalper_bot:[scalper] piazzamento RIFIUTATO sel=22 BACK @1.66 per 25.0 (6-esimo, ingressi fermi 30s): Order has violated: REPLAY_RIFIUTA_PRIMI Error: rifiuto iniettato dal replay
CRITICAL:Betfair.stream.scalper.scalper_session:[scalper-sess] 35797769: ordine dell'UTENTE (sito) abbinato sul mercato 1.259819674: la sessione si ferma (annullo dei vivi, nessuna copertura)
CRITICAL:Betfair.stream.scalper.scalper_session:[scalper-sess] 35797769: ordine dell'UTENTE (app) abbinato sul mercato 1.259819674: la sessione si ferma (annullo dei vivi, nessuna copertura)
WARNING:flumine.controls:Order has violated: ORDINI_ESTERNI Error: ordine esterno in verifica su questa selezione: nessun ordine nuovo del bot
WARNING:Betfair.stream.scalper.scalper_bot:[scalper] piazzamento RIFIUTATO sel=22 BACK @1.66 per 25.0 (1-esimo, ingressi fermi 1s): Order has violated: ORDINI_ESTERNI Error: ordine esterno in verifica su questa selezione: nessun ordine nuovo del bot
WARNING:flumine.controls:Order has violated: ORDINI_ESTERNI Error: ordine esterno in verifica su questa selezione: nessun ordine nuovo del bot
WARNING:Betfair.stream.scalper.scalper_bot:[scalper] piazzamento RIFIUTATO sel=22 BACK @1.66 per 25.0 (2-esimo, ingressi fermi 2s): Order has violated: ORDINI_ESTERNI Error: ordine esterno in verifica su questa selezione: nessun ordine nuovo del bot
WARNING:flumine.controls:Order has violated: ORDINI_ESTERNI Error: ordine esterno in verifica su questa selezione: nessun ordine nuovo del bot
WARNING:Betfair.stream.scalper.scalper_bot:[scalper] piazzamento RIFIUTATO sel=22 BACK @1.66 per 25.0 (3-esimo, ingressi fermi 4s): Order has violated: ORDINI_ESTERNI Error: ordine esterno in verifica su questa selezione: nessun ordine nuovo del bot
WARNING:flumine.controls:Order has violated: ORDINI_ESTERNI Error: ordine esterno in verifica su questa selezione: nessun ordine nuovo del bot
WARNING:Betfair.stream.scalper.scalper_bot:[scalper] piazzamento RIFIUTATO sel=22 BACK @1.66 per 25.0 (4-esimo, ingressi fermi 8s): Order has violated: ORDINI_ESTERNI Error: ordine esterno in verifica su questa selezione: nessun ordine nuovo del bot
WARNING:flumine.controls:Order has violated: ORDINI_ESTERNI Error: ordine esterno in verifica su questa selezione: nessun ordine nuovo del bot
WARNING:Betfair.stream.scalper.scalper_bot:[scalper] piazzamento RIFIUTATO sel=22 BACK @1.66 per 25.0 (5-esimo, ingressi fermi 16s): Order has violated: ORDINI_ESTERNI Error: ordine esterno in verifica su questa selezione: nessun ordine nuovo del bot
WARNING:flumine.controls:Order has violated: ORDINI_ESTERNI Error: ordine esterno in verifica su questa selezione: nessun ordine nuovo del bot
WARNING:Betfair.stream.scalper.scalper_bot:[scalper] piazzamento RIFIUTATO sel=22 BACK @1.66 per 25.0 (6-esimo, ingressi fermi 30s): Order has violated: ORDINI_ESTERNI Error: ordine esterno in verifica su questa selezione: nessun ordine nuovo del bot
WARNING:flumine.controls:Order has violated: ORDINI_ESTERNI Error: ordine esterno in verifica su questa selezione: nessun ordine nuovo del bot
WARNING:Betfair.stream.scalper.scalper_bot:[scalper] piazzamento RIFIUTATO sel=22 BACK @1.66 per 25.0 (7-esimo, ingressi fermi 30s): Order has violated: ORDINI_ESTERNI Error: ordine esterno in verifica su questa selezione: nessun ordine nuovo del bot
WARNING:flumine.controls:Order has violated: ORDINI_ESTERNI Error: ordine esterno in verifica su questa selezione: nessun ordine nuovo del bot
WARNING:Betfair.stream.scalper.scalper_bot:[scalper] piazzamento RIFIUTATO sel=22 BACK @1.66 per 25.0 (8-esimo, ingressi fermi 30s): Order has violated: ORDINI_ESTERNI Error: ordine esterno in verifica su questa selezione: nessun ordine nuovo del bot
WARNING:flumine.controls:Order has violated: ORDINI_ESTERNI Error: ordine esterno in verifica su questa selezione: nessun ordine nuovo del bot
WARNING:Betfair.stream.scalper.scalper_bot:[scalper] piazzamento RIFIUTATO sel=22 BACK @1.66 per 25.0 (9-esimo, ingressi fermi 30s): Order has violated: ORDINI_ESTERNI Error: ordine esterno in verifica su questa selezione: nessun ordine nuovo del bot
WARNING:flumine.controls:Order has violated: ORDINI_ESTERNI Error: ordine esterno in verifica su questa selezione: nessun ordine nuovo del bot
WARNING:Betfair.stream.scalper.scalper_bot:[scalper] piazzamento RIFIUTATO sel=22 BACK @1.66 per 25.0 (10-esimo, ingressi fermi 30s): Order has violated: ORDINI_ESTERNI Error: ordine esterno in verifica su questa selezione: nessun ordine nuovo del bot
WARNING:flumine.controls:Order has violated: ORDINI_ESTERNI Error: ordine esterno in verifica su questa selezione: nessun ordine nuovo del bot
WARNING:Betfair.stream.scalper.scalper_bot:[scalper] piazzamento RIFIUTATO sel=22 BACK @1.66 per 25.0 (11-esimo, ingressi fermi 30s): Order has violated: ORDINI_ESTERNI Error: ordine esterno in verifica su questa selezione: nessun ordine nuovo del bot
WARNING:flumine.controls:Order has violated: ORDINI_ESTERNI Error: ordine esterno in verifica su questa selezione: nessun ordine nuovo del bot
WARNING:Betfair.stream.scalper.scalper_bot:[scalper] piazzamento RIFIUTATO sel=22 BACK @1.66 per 25.0 (12-esimo, ingressi fermi 30s): Order has violated: ORDINI_ESTERNI Error: ordine esterno in verifica su questa selezione: nessun ordine nuovo del bot
WARNING:flumine.controls:Order has violated: ORDINI_ESTERNI Error: ordine esterno in verifica su questa selezione: nessun ordine nuovo del bot
WARNING:Betfair.stream.scalper.scalper_bot:[scalper] piazzamento RIFIUTATO sel=22 BACK @1.66 per 25.0 (13-esimo, ingressi fermi 30s): Order has violated: ORDINI_ESTERNI Error: ordine esterno in verifica su questa selezione: nessun ordine nuovo del bot
WARNING:flumine.controls:Order has violated: ORDINI_ESTERNI Error: ordine esterno in verifica su questa selezione: nessun ordine nuovo del bot
WARNING:Betfair.stream.scalper.scalper_bot:[scalper] piazzamento RIFIUTATO sel=22 BACK @1.66 per 25.0 (14-esimo, ingressi fermi 30s): Order has violated: ORDINI_ESTERNI Error: ordine esterno in verifica su questa selezione: nessun ordine nuovo del bot
WARNING:flumine.controls:Order has violated: ORDINI_ESTERNI Error: ordine esterno in verifica su questa selezione: nessun ordine nuovo del bot
WARNING:Betfair.stream.scalper.scalper_bot:[scalper] piazzamento RIFIUTATO sel=22 BACK @1.66 per 25.0 (15-esimo, ingressi fermi 30s): Order has violated: ORDINI_ESTERNI Error: ordine esterno in verifica su questa selezione: nessun ordine nuovo del bot
WARNING:flumine.controls:Order has violated: ORDINI_ESTERNI Error: ordine esterno in verifica su questa selezione: nessun ordine nuovo del bot
WARNING:Betfair.stream.scalper.scalper_bot:[scalper] piazzamento RIFIUTATO sel=22 BACK @1.66 per 25.0 (16-esimo, ingressi fermi 30s): Order has violated: ORDINI_ESTERNI Error: ordine esterno in verifica su questa selezione: nessun ordine nuovo del bot
WARNING:flumine.controls:Order has violated: ORDINI_ESTERNI Error: ordine esterno in verifica su questa selezione: nessun ordine nuovo del bot
WARNING:Betfair.stream.scalper.scalper_bot:[scalper] piazzamento RIFIUTATO sel=22 BACK @1.66 per 25.0 (17-esimo, ingressi fermi 30s): Order has violated: ORDINI_ESTERNI Error: ordine esterno in verifica su questa selezione: nessun ordine nuovo del bot
WARNING:flumine.controls:Order has violated: ORDINI_ESTERNI Error: ordine esterno in verifica su questa selezione: nessun ordine nuovo del bot
WARNING:Betfair.stream.scalper.scalper_bot:[scalper] piazzamento RIFIUTATO sel=22 BACK @1.66 per 25.0 (18-esimo, ingressi fermi 30s): Order has violated: ORDINI_ESTERNI Error: ordine esterno in verifica su questa selezione: nessun ordine nuovo del bot
WARNING:flumine.controls:Order has violated: ORDINI_ESTERNI Error: ordine esterno in verifica su questa selezione: nessun ordine nuovo del bot
WARNING:Betfair.stream.scalper.scalper_bot:[scalper] piazzamento RIFIUTATO sel=22 BACK @1.66 per 25.0 (19-esimo, ingressi fermi 30s): Order has violated: ORDINI_ESTERNI Error: ordine esterno in verifica su questa selezione: nessun ordine nuovo del bot
WARNING:flumine.controls:Order has violated: ORDINI_ESTERNI Error: ordine esterno in verifica su questa selezione: nessun ordine nuovo del bot
WARNING:Betfair.stream.scalper.scalper_bot:[scalper] piazzamento RIFIUTATO sel=22 BACK @1.66 per 25.0 (20-esimo, ingressi fermi 30s): Order has violated: ORDINI_ESTERNI Error: ordine esterno in verifica su questa selezione: nessun ordine nuovo del bot
WARNING:flumine.controls:Order has violated: ORDINI_ESTERNI Error: ordine esterno in verifica su questa selezione: nessun ordine nuovo del bot
WARNING:Betfair.stream.scalper.scalper_bot:[scalper] piazzamento RIFIUTATO sel=22 BACK @1.66 per 25.0 (21-esimo, ingressi fermi 30s): Order has violated: ORDINI_ESTERNI Error: ordine esterno in verifica su questa selezione: nessun ordine nuovo del bot
WARNING:flumine.controls:Order has violated: ORDINI_ESTERNI Error: ordine esterno in verifica su questa selezione: nessun ordine nuovo del bot
WARNING:Betfair.stream.scalper.scalper_bot:[scalper] piazzamento RIFIUTATO sel=22 BACK @1.65 per 25.0 (22-esimo, ingressi fermi 30s): Order has violated: ORDINI_ESTERNI Error: ordine esterno in verifica su questa selezione: nessun ordine nuovo del bot
WARNING:flumine.controls:Order has violated: ORDINI_ESTERNI Error: ordine esterno in verifica su questa selezione: nessun ordine nuovo del bot
WARNING:Betfair.stream.scalper.scalper_bot:[scalper] piazzamento RIFIUTATO sel=22 BACK @1.65 per 25.0 (23-esimo, ingressi fermi 30s): Order has violated: ORDINI_ESTERNI Error: ordine esterno in verifica su questa selezione: nessun ordine nuovo del bot
WARNING:flumine.controls:Order has violated: ORDINI_ESTERNI Error: ordine esterno in verifica su questa selezione: nessun ordine nuovo del bot
WARNING:Betfair.stream.scalper.scalper_bot:[scalper] piazzamento RIFIUTATO sel=22 BACK @1.65 per 25.0 (24-esimo, ingressi fermi 30s): Order has violated: ORDINI_ESTERNI Error: ordine esterno in verifica su questa selezione: nessun ordine nuovo del bot
WARNING:flumine.controls:Order has violated: ORDINI_ESTERNI Error: ordine esterno in verifica su questa selezione: nessun ordine nuovo del bot
WARNING:Betfair.stream.scalper.scalper_bot:[scalper] piazzamento RIFIUTATO sel=22 BACK @1.65 per 25.0 (25-esimo, ingressi fermi 30s): Order has violated: ORDINI_ESTERNI Error: ordine esterno in verifica su questa selezione: nessun ordine nuovo del bot
WARNING:flumine.controls:Order has violated: ORDINI_ESTERNI Error: ordine esterno in verifica su questa selezione: nessun ordine nuovo del bot
WARNING:Betfair.stream.scalper.scalper_bot:[scalper] piazzamento RIFIUTATO sel=22 BACK @1.65 per 25.0 (26-esimo, ingressi fermi 30s): Order has violated: ORDINI_ESTERNI Error: ordine esterno in verifica su questa selezione: nessun ordine nuovo del bot
WARNING:flumine.controls:Order has violated: ORDINI_ESTERNI Error: ordine esterno in verifica su questa selezione: nessun ordine nuovo del bot
WARNING:Betfair.stream.scalper.scalper_bot:[scalper] piazzamento RIFIUTATO sel=22 BACK @1.65 per 25.0 (27-esimo, ingressi fermi 30s): Order has violated: ORDINI_ESTERNI Error: ordine esterno in verifica su questa selezione: nessun ordine nuovo del bot
WARNING:flumine.controls:Order has violated: ORDINI_ESTERNI Error: ordine esterno in verifica su questa selezione: nessun ordine nuovo del bot
WARNING:Betfair.stream.scalper.scalper_bot:[scalper] piazzamento RIFIUTATO sel=22 BACK @1.65 per 25.0 (28-esimo, ingressi fermi 30s): Order has violated: ORDINI_ESTERNI Error: ordine esterno in verifica su questa selezione: nessun ordine nuovo del bot
WARNING:flumine.controls:Order has violated: ORDINI_ESTERNI Error: ordine esterno in verifica su questa selezione: nessun ordine nuovo del bot
WARNING:Betfair.stream.scalper.scalper_bot:[scalper] piazzamento RIFIUTATO sel=22 BACK @1.65 per 25.0 (29-esimo, ingressi fermi 30s): Order has violated: ORDINI_ESTERNI Error: ordine esterno in verifica su questa selezione: nessun ordine nuovo del bot
WARNING:flumine.controls:Order has violated: ORDINI_ESTERNI Error: ordine esterno in verifica su questa selezione: nessun ordine nuovo del bot
WARNING:Betfair.stream.scalper.scalper_bot:[scalper] piazzamento RIFIUTATO sel=22 BACK @1.65 per 25.0 (30-esimo, ingressi fermi 30s): Order has violated: ORDINI_ESTERNI Error: ordine esterno in verifica su questa selezione: nessun ordine nuovo del bot
WARNING:flumine.controls:Order has violated: ORDINI_ESTERNI Error: ordine esterno in verifica su questa selezione: nessun ordine nuovo del bot
WARNING:Betfair.stream.scalper.scalper_bot:[scalper] piazzamento RIFIUTATO sel=22 BACK @1.65 per 25.0 (31-esimo, ingressi fermi 30s): Order has violated: ORDINI_ESTERNI Error: ordine esterno in verifica su questa selezione: nessun ordine nuovo del bot
WARNING:flumine.controls:Order has violated: ORDINI_ESTERNI Error: ordine esterno in verifica su questa selezione: nessun ordine nuovo del bot
WARNING:Betfair.stream.scalper.scalper_bot:[scalper] piazzamento RIFIUTATO sel=22 BACK @1.65 per 25.0 (32-esimo, ingressi fermi 30s): Order has violated: ORDINI_ESTERNI Error: ordine esterno in verifica su questa selezione: nessun ordine nuovo del bot
WARNING:flumine.controls:Order has violated: ORDINI_ESTERNI Error: ordine esterno in verifica su questa selezione: nessun ordine nuovo del bot
WARNING:Betfair.stream.scalper.scalper_bot:[scalper] piazzamento RIFIUTATO sel=22 BACK @1.65 per 25.0 (33-esimo, ingressi fermi 30s): Order has violated: ORDINI_ESTERNI Error: ordine esterno in verifica su questa selezione: nessun ordine nuovo del bot
WARNING:flumine.controls:Order has violated: ORDINI_ESTERNI Error: ordine esterno in verifica su questa selezione: nessun ordine nuovo del bot
WARNING:Betfair.stream.scalper.scalper_bot:[scalper] piazzamento RIFIUTATO sel=22 BACK @1.65 per 25.0 (34-esimo, ingressi fermi 30s): Order has violated: ORDINI_ESTERNI Error: ordine esterno in verifica su questa selezione: nessun ordine nuovo del bot
WARNING:flumine.controls:Order has violated: ORDINI_ESTERNI Error: ordine esterno in verifica su questa selezione: nessun ordine nuovo del bot
WARNING:Betfair.stream.scalper.scalper_bot:[scalper] piazzamento RIFIUTATO sel=22 BACK @1.65 per 25.0 (35-esimo, ingressi fermi 30s): Order has violated: ORDINI_ESTERNI Error: ordine esterno in verifica su questa selezione: nessun ordine nuovo del bot
WARNING:flumine.controls:Order has violated: ORDINI_ESTERNI Error: ordine esterno in verifica su questa selezione: nessun ordine nuovo del bot
WARNING:Betfair.stream.scalper.scalper_bot:[scalper] piazzamento RIFIUTATO sel=22 BACK @1.65 per 25.0 (36-esimo, ingressi fermi 30s): Order has violated: ORDINI_ESTERNI Error: ordine esterno in verifica su questa selezione: nessun ordine nuovo del bot
WARNING:flumine.controls:Order has violated: ORDINI_ESTERNI Error: ordine esterno in verifica su questa selezione: nessun ordine nuovo del bot
WARNING:Betfair.stream.scalper.scalper_bot:[scalper] piazzamento RIFIUTATO sel=22 BACK @1.65 per 25.0 (37-esimo, ingressi fermi 30s): Order has violated: ORDINI_ESTERNI Error: ordine esterno in verifica su questa selezione: nessun ordine nuovo del bot
WARNING:flumine.controls:Order has violated: ORDINI_ESTERNI Error: ordine esterno in verifica su questa selezione: nessun ordine nuovo del bot
WARNING:Betfair.stream.scalper.scalper_bot:[scalper] piazzamento RIFIUTATO sel=22 BACK @1.65 per 25.0 (38-esimo, ingressi fermi 30s): Order has violated: ORDINI_ESTERNI Error: ordine esterno in verifica su questa selezione: nessun ordine nuovo del bot
