CRITICAL:omega.service:[omega] il lettore degli aggregati non separa le modalita': paper e live SOMMATI nelle decisioni (catalogo 7.21)
CRITICAL:omega.service:[omega] il lettore degli aggregati non separa le modalita': paper e live SOMMATI nelle decisioni (catalogo 7.21)
CRITICAL:omega.service:[omega] il lettore degli aggregati non separa le modalita': paper e live SOMMATI nelle decisioni (catalogo 7.21)
CRITICAL:omega.service:[omega] il lettore degli aggregati non separa le modalita': paper e live SOMMATI nelle decisioni (catalogo 7.21)
CRITICAL:omega.service:[omega] il lettore degli aggregati non separa le modalita': paper e live SOMMATI nelle decisioni (catalogo 7.21)
CRITICAL:omega.service:[omega] il lettore degli aggregati non separa le modalita': paper e live SOMMATI nelle decisioni (catalogo 7.21)
CRITICAL:omega.service:[omega] il lettore degli aggregati non separa le modalita': paper e live SOMMATI nelle decisioni (catalogo 7.21)
CRITICAL:omega.service:[omega] il lettore degli aggregati non separa le modalita': paper e live SOMMATI nelle decisioni (catalogo 7.21)
CRITICAL:omega.service:[omega] il lettore degli aggregati non separa le modalita': paper e live SOMMATI nelle decisioni (catalogo 7.21)
WARNING:safe.porta_ordini:[safe.porta] canale di comando ws://127.0.0.1:0/comando/omega non disponibile (socket del banco chiuso)
CRITICAL:omega.service:[omega] il lettore degli aggregati non separa le modalita': paper e live SOMMATI nelle decisioni (catalogo 7.21)
CRITICAL:omega.service:[omega] il lettore degli aggregati non separa le modalita': paper e live SOMMATI nelle decisioni (catalogo 7.21)
CRITICAL:omega.service:[omega] il lettore degli aggregati non separa le modalita': paper e live SOMMATI nelle decisioni (catalogo 7.21)
CRITICAL:omega.service:[omega] place LIVE a esito IGNOTO (trade 1, evento 35797769): in riconciliazione
CRITICAL:omega.service:[omega] il lettore degli aggregati non separa le modalita': paper e live SOMMATI nelle decisioni (catalogo 7.21)
CRITICAL:omega.service:[omega] place LIVE a esito IGNOTO (trade 2, evento 35797769): in riconciliazione
CRITICAL:omega.service:[omega] il lettore degli aggregati non separa le modalita': paper e live SOMMATI nelle decisioni (catalogo 7.21)
CRITICAL:omega.service:[omega] il lettore degli aggregati non separa le modalita': paper e live SOMMATI nelle decisioni (catalogo 7.21)
CRITICAL:omega.service:[omega] il lettore degli aggregati non separa le modalita': paper e live SOMMATI nelle decisioni (catalogo 7.21)
WARNING:safe.execution:[safe.exec] punta 1.11 -> 1.00 (multiplo di 0,50 per difetto): residuo 0.11 dichiarato (trade 2)
CRITICAL:omega.service:[omega] il lettore degli aggregati non separa le modalita': paper e live SOMMATI nelle decisioni (catalogo 7.21)
CRITICAL:omega.service:[omega] il lettore degli aggregati non separa le modalita': paper e live SOMMATI nelle decisioni (catalogo 7.21)
CRITICAL:omega.service:[omega] il lettore degli aggregati non separa le modalita': paper e live SOMMATI nelle decisioni (catalogo 7.21)
CRITICAL:omega.service:[omega] il lettore degli aggregati non separa le modalita': paper e live SOMMATI nelle decisioni (catalogo 7.21)
CRITICAL:omega.service:[omega] il lettore degli aggregati non separa le modalita': paper e live SOMMATI nelle decisioni (catalogo 7.21)
CRITICAL:omega.service:[omega] il lettore degli aggregati non separa le modalita': paper e live SOMMATI nelle decisioni (catalogo 7.21)
CRITICAL:omega.service:[omega] il lettore degli aggregati non separa le modalita': paper e live SOMMATI nelle decisioni (catalogo 7.21)
CRITICAL:omega.service:[omega] evento 35797769: posizione chiusa DALL'UTENTE fuori dall'app -> il bot non gestisce piu' questa partita
CRITICAL:omega.service:[omega] il lettore degli aggregati non separa le modalita': paper e live SOMMATI nelle decisioni (catalogo 7.21)
WARNING:safe.execution:[safe.exec] punta 1.11 -> 1.00 (multiplo di 0,50 per difetto): residuo 0.11 dichiarato (trade 2)
