WARNING:flumine.controls:Order has violated: REPLAY_RIFIUTA_TUTTO Error: rifiuto iniettato dal replay
WARNING:Betfair.stream.tennis_scalper.tennis_scalper_bot:[scalper] piazzamento RIFIUTATO sel=9633138 BACK @1.21 per 2.0 (1-esimo, riprovo fra 5s): Order has violated: REPLAY_RIFIUTA_TUTTO Error: rifiuto iniettato dal replay
WARNING:flumine.controls:Order has violated: REPLAY_RIFIUTA_TUTTO Error: rifiuto iniettato dal replay
WARNING:Betfair.stream.tennis_scalper.tennis_scalper_bot:[scalper] piazzamento RIFIUTATO sel=35635727 BACK @5.9 per 2.0 (1-esimo, riprovo fra 5s): Order has violated: REPLAY_RIFIUTA_TUTTO Error: rifiuto iniettato dal replay
WARNING:flumine.controls:Order has violated: REPLAY_RIFIUTA_TUTTO Error: rifiuto iniettato dal replay
WARNING:Betfair.stream.tennis_scalper.tennis_scalper_bot:[scalper] piazzamento RIFIUTATO sel=9633138 BACK @1.21 per 2.0 (2-esimo, riprovo fra 10s): Order has violated: REPLAY_RIFIUTA_TUTTO Error: rifiuto iniettato dal replay
WARNING:flumine.controls:Order has violated: REPLAY_RIFIUTA_TUTTO Error: rifiuto iniettato dal replay
WARNING:Betfair.stream.tennis_scalper.tennis_scalper_bot:[scalper] piazzamento RIFIUTATO sel=35635727 BACK @5.8 per 2.0 (2-esimo, riprovo fra 10s): Order has violated: REPLAY_RIFIUTA_TUTTO Error: rifiuto iniettato dal replay
WARNING:flumine.controls:Order has violated: REPLAY_RIFIUTA_TUTTO Error: rifiuto iniettato dal replay
WARNING:Betfair.stream.tennis_scalper.tennis_scalper_bot:[scalper] piazzamento RIFIUTATO sel=9633138 BACK @1.21 per 2.0 (3-esimo, riprovo fra 20s): Order has violated: REPLAY_RIFIUTA_TUTTO Error: rifiuto iniettato dal replay
WARNING:flumine.controls:Order has violated: REPLAY_RIFIUTA_TUTTO Error: rifiuto iniettato dal replay
WARNING:Betfair.stream.tennis_scalper.tennis_scalper_bot:[scalper] piazzamento RIFIUTATO sel=35635727 BACK @6.2 per 2.0 (3-esimo, riprovo fra 20s): Order has violated: REPLAY_RIFIUTA_TUTTO Error: rifiuto iniettato dal replay
WARNING:flumine.controls:Order has violated: REPLAY_RIFIUTA_TUTTO Error: rifiuto iniettato dal replay
WARNING:Betfair.stream.tennis_scalper.tennis_scalper_bot:[scalper] piazzamento RIFIUTATO sel=9633138 BACK @1.2 per 2.0 (4-esimo, riprovo fra 40s): Order has violated: REPLAY_RIFIUTA_TUTTO Error: rifiuto iniettato dal replay
WARNING:flumine.controls:Order has violated: REPLAY_RIFIUTA_TUTTO Error: rifiuto iniettato dal replay
WARNING:Betfair.stream.tennis_scalper.tennis_scalper_bot:[scalper] piazzamento RIFIUTATO sel=35635727 BACK @6.2 per 2.0 (4-esimo, riprovo fra 40s): Order has violated: REPLAY_RIFIUTA_TUTTO Error: rifiuto iniettato dal replay
WARNING:flumine.controls:Order has violated: REPLAY_RIFIUTA_TUTTO Error: rifiuto iniettato dal replay
WARNING:Betfair.stream.tennis_scalper.tennis_scalper_bot:[scalper] piazzamento RIFIUTATO sel=9633138 BACK @1.22 per 2.0 (5-esimo, riprovo fra 60s): Order has violated: REPLAY_RIFIUTA_TUTTO Error: rifiuto iniettato dal replay
WARNING:flumine.controls:Order has violated: REPLAY_RIFIUTA_TUTTO Error: rifiuto iniettato dal replay
WARNING:Betfair.stream.tennis_scalper.tennis_scalper_bot:[scalper] piazzamento RIFIUTATO sel=35635727 BACK @6.0 per 2.0 (5-esimo, riprovo fra 60s): Order has violated: REPLAY_RIFIUTA_TUTTO Error: rifiuto iniettato dal replay
WARNING:flumine.controls:Order has violated: REPLAY_RIFIUTA_TUTTO Error: rifiuto iniettato dal replay
WARNING:Betfair.stream.tennis_scalper.tennis_scalper_bot:[scalper] piazzamento RIFIUTATO sel=9633138 BACK @1.22 per 2.0 (6-esimo, riprovo fra 60s): Order has violated: REPLAY_RIFIUTA_TUTTO Error: rifiuto iniettato dal replay
WARNING:flumine.controls:Order has violated: REPLAY_RIFIUTA_TUTTO Error: rifiuto iniettato dal replay
WARNING:Betfair.stream.tennis_scalper.tennis_scalper_bot:[scalper] piazzamento RIFIUTATO sel=35635727 BACK @5.9 per 2.0 (6-esimo, riprovo fra 60s): Order has violated: REPLAY_RIFIUTA_TUTTO Error: rifiuto iniettato dal replay
WARNING:flumine.controls:Order has violated: REPLAY_RIFIUTA_TUTTO Error: rifiuto iniettato dal replay
WARNING:Betfair.stream.tennis_scalper.tennis_scalper_bot:[scalper] piazzamento RIFIUTATO sel=9633138 BACK @1.27 per 2.0 (7-esimo, riprovo fra 60s): Order has violated: REPLAY_RIFIUTA_TUTTO Error: rifiuto iniettato dal replay
WARNING:flumine.controls:Order has violated: REPLAY_RIFIUTA_TUTTO Error: rifiuto iniettato dal replay
WARNING:Betfair.stream.tennis_scalper.tennis_scalper_bot:[scalper] piazzamento RIFIUTATO sel=35635727 BACK @7.0 per 2.0 (7-esimo, riprovo fra 60s): Order has violated: REPLAY_RIFIUTA_TUTTO Error: rifiuto iniettato dal replay
WARNING:flumine.controls:Order has violated: REPLAY_RIFIUTA_TUTTO Error: rifiuto iniettato dal replay
WARNING:Betfair.stream.tennis_scalper.tennis_scalper_bot:[scalper] piazzamento RIFIUTATO sel=9633138 BACK @1.37 per 2.0 (8-esimo, riprovo fra 60s): Order has violated: REPLAY_RIFIUTA_TUTTO Error: rifiuto iniettato dal replay
WARNING:flumine.controls:Order has violated: REPLAY_RIFIUTA_TUTTO Error: rifiuto iniettato dal replay
WARNING:Betfair.stream.tennis_scalper.tennis_scalper_bot:[scalper] piazzamento RIFIUTATO sel=35635727 BACK @4.0 per 2.0 (8-esimo, riprovo fra 60s): Order has violated: REPLAY_RIFIUTA_TUTTO Error: rifiuto iniettato dal replay
WARNING:flumine.controls:Order has violated: REPLAY_RIFIUTA_TUTTO Error: rifiuto iniettato dal replay
WARNING:Betfair.stream.tennis_scalper.tennis_scalper_bot:[scalper] piazzamento RIFIUTATO sel=9633138 BACK @1.3 per 2.0 (9-esimo, riprovo fra 60s): Order has violated: REPLAY_RIFIUTA_TUTTO Error: rifiuto iniettato dal replay
WARNING:flumine.controls:Order has violated: REPLAY_RIFIUTA_TUTTO Error: rifiuto iniettato dal replay
WARNING:Betfair.stream.tennis_scalper.tennis_scalper_bot:[scalper] piazzamento RIFIUTATO sel=9633138 BACK @1.54 per 2.0 (10-esimo, riprovo fra 60s): Order has violated: REPLAY_RIFIUTA_TUTTO Error: rifiuto iniettato dal replay
WARNING:flumine.controls:Order has violated: REPLAY_RIFIUTA_TUTTO Error: rifiuto iniettato dal replay
WARNING:Betfair.stream.tennis_scalper.tennis_scalper_bot:[scalper] piazzamento RIFIUTATO sel=35635727 BACK @2.96 per 2.0 (9-esimo, riprovo fra 60s): Order has violated: REPLAY_RIFIUTA_TUTTO Error: rifiuto iniettato dal replay
WARNING:flumine.controls:Order has violated: REPLAY_RIFIUTA_TUTTO Error: rifiuto iniettato dal replay
WARNING:Betfair.stream.tennis_scalper.tennis_scalper_bot:[scalper] piazzamento RIFIUTATO sel=9633138 BACK @1.54 per 2.0 (11-esimo, riprovo fra 60s): Order has violated: REPLAY_RIFIUTA_TUTTO Error: rifiuto iniettato dal replay
WARNING:flumine.controls:Order has violated: REPLAY_RIFIUTA_TUTTO Error: rifiuto iniettato dal replay
WARNING:Betfair.stream.tennis_scalper.tennis_scalper_bot:[scalper] piazzamento RIFIUTATO sel=35635727 BACK @2.96 per 2.0 (10-esimo, riprovo fra 60s): Order has violated: REPLAY_RIFIUTA_TUTTO Error: rifiuto iniettato dal replay
WARNING:flumine.controls:Order has violated: REPLAY_RIFIUTA_TUTTO Error: rifiuto iniettato dal replay
WARNING:Betfair.stream.tennis_scalper.tennis_scalper_bot:[scalper] piazzamento RIFIUTATO sel=9633138 BACK @1.54 per 2.0 (12-esimo, riprovo fra 60s): Order has violated: REPLAY_RIFIUTA_TUTTO Error: rifiuto iniettato dal replay
WARNING:flumine.controls:Order has violated: REPLAY_RIFIUTA_TUTTO Error: rifiuto iniettato dal replay
WARNING:Betfair.stream.tennis_scalper.tennis_scalper_bot:[scalper] piazzamento RIFIUTATO sel=35635727 BACK @2.96 per 2.0 (11-esimo, riprovo fra 60s): Order has violated: REPLAY_RIFIUTA_TUTTO Error: rifiuto iniettato dal replay
WARNING:flumine.controls:Order has violated: REPLAY_RIFIUTA_TUTTO Error: rifiuto iniettato dal replay
WARNING:Betfair.stream.tennis_scalper.tennis_scalper_bot:[scalper] piazzamento RIFIUTATO sel=9633138 BACK @1.54 per 2.0 (13-esimo, riprovo fra 60s): Order has violated: REPLAY_RIFIUTA_TUTTO Error: rifiuto iniettato dal replay
WARNING:flumine.controls:Order has violated: REPLAY_RIFIUTA_TUTTO Error: rifiuto iniettato dal replay
WARNING:Betfair.stream.tennis_scalper.tennis_scalper_bot:[scalper] piazzamento RIFIUTATO sel=35635727 BACK @2.92 per 2.0 (12-esimo, riprovo fra 60s): Order has violated: REPLAY_RIFIUTA_TUTTO Error: rifiuto iniettato dal replay
WARNING:flumine.controls:Order has violated: REPLAY_RIFIUTA_TUTTO Error: rifiuto iniettato dal replay
WARNING:Betfair.stream.tennis_scalper.tennis_scalper_bot:[scalper] piazzamento RIFIUTATO sel=9633138 BACK @1.65 per 2.0 (14-esimo, riprovo fra 60s): Order has violated: REPLAY_RIFIUTA_TUTTO Error: rifiuto iniettato dal replay
WARNING:flumine.controls:Order has violated: REPLAY_RIFIUTA_TUTTO Error: rifiuto iniettato dal replay
WARNING:Betfair.stream.tennis_scalper.tennis_scalper_bot:[scalper] piazzamento RIFIUTATO sel=9633138 BACK @1.64 per 2.0 (15-esimo, riprovo fra 60s): Order has violated: REPLAY_RIFIUTA_TUTTO Error: rifiuto iniettato dal replay
WARNING:flumine.controls:Order has violated: REPLAY_RIFIUTA_TUTTO Error: rifiuto iniettato dal replay
WARNING:Betfair.stream.tennis_scalper.tennis_scalper_bot:[scalper] piazzamento RIFIUTATO sel=9633138 BACK @1.65 per 2.0 (16-esimo, riprovo fra 60s): Order has violated: REPLAY_RIFIUTA_TUTTO Error: rifiuto iniettato dal replay
WARNING:flumine.controls:Order has violated: REPLAY_RIFIUTA_TUTTO Error: rifiuto iniettato dal replay
WARNING:Betfair.stream.tennis_scalper.tennis_scalper_bot:[scalper] piazzamento RIFIUTATO sel=9633138 BACK @1.65 per 2.0 (17-esimo, riprovo fra 60s): Order has violated: REPLAY_RIFIUTA_TUTTO Error: rifiuto iniettato dal replay
WARNING:flumine.controls:Order has violated: REPLAY_RIFIUTA_TUTTO Error: rifiuto iniettato dal replay
WARNING:Betfair.stream.tennis_scalper.tennis_scalper_bot:[scalper] piazzamento RIFIUTATO sel=9633138 BACK @1.65 per 2.0 (18-esimo, riprovo fra 60s): Order has violated: REPLAY_RIFIUTA_TUTTO Error: rifiuto iniettato dal replay
WARNING:flumine.controls:Order has violated: REPLAY_RIFIUTA_TUTTO Error: rifiuto iniettato dal replay
WARNING:Betfair.stream.tennis_scalper.tennis_scalper_bot:[scalper] piazzamento RIFIUTATO sel=9633138 BACK @1.65 per 2.0 (19-esimo, riprovo fra 60s): Order has violated: REPLAY_RIFIUTA_TUTTO Error: rifiuto iniettato dal replay
WARNING:flumine.controls:Order has violated: REPLAY_RIFIUTA_TUTTO Error: rifiuto iniettato dal replay
WARNING:Betfair.stream.tennis_scalper.tennis_scalper_bot:[scalper] piazzamento RIFIUTATO sel=35635727 BACK @2.78 per 2.0 (13-esimo, riprovo fra 60s): Order has violated: REPLAY_RIFIUTA_TUTTO Error: rifiuto iniettato dal replay
WARNING:flumine.controls:Order has violated: REPLAY_RIFIUTA_TUTTO Error: rifiuto iniettato dal replay
WARNING:Betfair.stream.tennis_scalper.tennis_scalper_bot:[scalper] piazzamento RIFIUTATO sel=9633138 BACK @1.74 per 2.0 (20-esimo, riprovo fra 60s): Order has violated: REPLAY_RIFIUTA_TUTTO Error: rifiuto iniettato dal replay
WARNING:flumine.controls:Order has violated: REPLAY_RIFIUTA_TUTTO Error: rifiuto iniettato dal replay
WARNING:Betfair.stream.tennis_scalper.tennis_scalper_bot:[scalper] piazzamento RIFIUTATO sel=35635727 BACK @2.32 per 2.0 (14-esimo, riprovo fra 60s): Order has violated: REPLAY_RIFIUTA_TUTTO Error: rifiuto iniettato dal replay
WARNING:flumine.controls:Order has violated: REPLAY_RIFIUTA_TUTTO Error: rifiuto iniettato dal replay
WARNING:Betfair.stream.tennis_scalper.tennis_scalper_bot:[scalper] piazzamento RIFIUTATO sel=35635727 BACK @2.46 per 2.0 (15-esimo, riprovo fra 60s): Order has violated: REPLAY_RIFIUTA_TUTTO Error: rifiuto iniettato dal replay
WARNING:flumine.controls:Order has violated: REPLAY_RIFIUTA_TUTTO Error: rifiuto iniettato dal replay
WARNING:Betfair.stream.tennis_scalper.tennis_scalper_bot:[scalper] piazzamento RIFIUTATO sel=35635727 BACK @2.66 per 2.0 (16-esimo, riprovo fra 60s): Order has violated: REPLAY_RIFIUTA_TUTTO Error: rifiuto iniettato dal replay
WARNING:flumine.controls:Order has violated: REPLAY_RIFIUTA_TUTTO Error: rifiuto iniettato dal replay
WARNING:Betfair.stream.tennis_scalper.tennis_scalper_bot:[scalper] piazzamento RIFIUTATO sel=35635727 BACK @3.4 per 2.0 (17-esimo, riprovo fra 60s): Order has violated: REPLAY_RIFIUTA_TUTTO Error: rifiuto iniettato dal replay
WARNING:flumine.controls:Order has violated: REPLAY_RIFIUTA_TUTTO Error: rifiuto iniettato dal replay
WARNING:Betfair.stream.tennis_scalper.tennis_scalper_bot:[scalper] piazzamento RIFIUTATO sel=35635727 BACK @3.2 per 2.0 (18-esimo, riprovo fra 60s): Order has violated: REPLAY_RIFIUTA_TUTTO Error: rifiuto iniettato dal replay
WARNING:flumine.controls:Order has violated: REPLAY_RIFIUTA_TUTTO Error: rifiuto iniettato dal replay
WARNING:Betfair.stream.tennis_scalper.tennis_scalper_bot:[scalper] piazzamento RIFIUTATO sel=35635727 BACK @3.0 per 2.0 (19-esimo, riprovo fra 60s): Order has violated: REPLAY_RIFIUTA_TUTTO Error: rifiuto iniettato dal replay
WARNING:flumine.controls:Order has violated: REPLAY_RIFIUTA_TUTTO Error: rifiuto iniettato dal replay
WARNING:Betfair.stream.tennis_scalper.tennis_scalper_bot:[scalper] piazzamento RIFIUTATO sel=35635727 BACK @2.36 per 2.0 (20-esimo, riprovo fra 60s): Order has violated: REPLAY_RIFIUTA_TUTTO Error: rifiuto iniettato dal replay
WARNING:flumine.strategy.strategy:Strategy of same name 'TennisScalperStrategy' already added
WARNING:Betfair.stream.tennis_live.guardie_tennis:[tennis-runner] ordine REALE fermato: modo ordini tennis PAPER («Ordini reali» della Control Room): apertura 'live' RIFIUTATA - si cambia da Control Room, Ordini reali
WARNING:Betfair.stream.tennis_scalper.tennis_scalper_bot:[scalper] piazzamento RIFIUTATO sel=9633138 BACK @1.21 per 2.0 (1-esimo, riprovo fra 5s): Order has violated: TENNIS_MODO_ORDINI Error: modo ordini tennis PAPER («Ordini reali» della Control Room): apertura 'live' RIFIUTATA - si cambia da Control Room, Ordini reali
WARNING:Betfair.stream.tennis_scalper.tennis_scalper_bot:[scalper] piazzamento RIFIUTATO sel=35635727 BACK @5.9 per 2.0 (1-esimo, riprovo fra 5s): Order has violated: TENNIS_MODO_ORDINI Error: modo ordini tennis PAPER («Ordini reali» della Control Room): apertura 'live' RIFIUTATA - si cambia da Control Room, Ordini reali
WARNING:Betfair.stream.tennis_scalper.tennis_scalper_bot:[scalper] piazzamento RIFIUTATO sel=9633138 BACK @1.21 per 2.0 (2-esimo, riprovo fra 10s): Order has violated: TENNIS_MODO_ORDINI Error: modo ordini tennis PAPER («Ordini reali» della Control Room): apertura 'live' RIFIUTATA - si cambia da Control Room, Ordini reali
WARNING:Betfair.stream.tennis_scalper.tennis_scalper_bot:[scalper] piazzamento RIFIUTATO sel=35635727 BACK @5.8 per 2.0 (2-esimo, riprovo fra 10s): Order has violated: TENNIS_MODO_ORDINI Error: modo ordini tennis PAPER («Ordini reali» della Control Room): apertura 'live' RIFIUTATA - si cambia da Control Room, Ordini reali
WARNING:Betfair.stream.tennis_scalper.tennis_scalper_bot:[scalper] piazzamento RIFIUTATO sel=9633138 BACK @1.21 per 2.0 (3-esimo, riprovo fra 20s): Order has violated: TENNIS_MODO_ORDINI Error: modo ordini tennis PAPER («Ordini reali» della Control Room): apertura 'live' RIFIUTATA - si cambia da Control Room, Ordini reali
WARNING:Betfair.stream.tennis_scalper.tennis_scalper_bot:[scalper] piazzamento RIFIUTATO sel=35635727 BACK @6.2 per 2.0 (3-esimo, riprovo fra 20s): Order has violated: TENNIS_MODO_ORDINI Error: modo ordini tennis PAPER («Ordini reali» della Control Room): apertura 'live' RIFIUTATA - si cambia da Control Room, Ordini reali
WARNING:Betfair.stream.tennis_scalper.tennis_scalper_bot:[scalper] piazzamento RIFIUTATO sel=9633138 BACK @1.2 per 2.0 (4-esimo, riprovo fra 40s): Order has violated: TENNIS_MODO_ORDINI Error: modo ordini tennis PAPER («Ordini reali» della Control Room): apertura 'live' RIFIUTATA - si cambia da Control Room, Ordini reali
WARNING:Betfair.stream.tennis_scalper.tennis_scalper_bot:[scalper] piazzamento RIFIUTATO sel=35635727 BACK @6.2 per 2.0 (4-esimo, riprovo fra 40s): Order has violated: TENNIS_MODO_ORDINI Error: modo ordini tennis PAPER («Ordini reali» della Control Room): apertura 'live' RIFIUTATA - si cambia da Control Room, Ordini reali
WARNING:Betfair.stream.tennis_scalper.tennis_scalper_bot:[scalper] piazzamento RIFIUTATO sel=9633138 BACK @1.22 per 2.0 (5-esimo, riprovo fra 60s): Order has violated: TENNIS_MODO_ORDINI Error: modo ordini tennis PAPER («Ordini reali» della Control Room): apertura 'live' RIFIUTATA - si cambia da Control Room, Ordini reali
WARNING:Betfair.stream.tennis_scalper.tennis_scalper_bot:[scalper] piazzamento RIFIUTATO sel=35635727 BACK @6.0 per 2.0 (5-esimo, riprovo fra 60s): Order has violated: TENNIS_MODO_ORDINI Error: modo ordini tennis PAPER («Ordini reali» della Control Room): apertura 'live' RIFIUTATA - si cambia da Control Room, Ordini reali
WARNING:Betfair.stream.tennis_scalper.tennis_scalper_bot:[scalper] piazzamento RIFIUTATO sel=9633138 BACK @1.22 per 2.0 (6-esimo, riprovo fra 60s): Order has violated: TENNIS_MODO_ORDINI Error: modo ordini tennis PAPER («Ordini reali» della Control Room): apertura 'live' RIFIUTATA - si cambia da Control Room, Ordini reali
WARNING:Betfair.stream.tennis_scalper.tennis_scalper_bot:[scalper] piazzamento RIFIUTATO sel=35635727 BACK @5.9 per 2.0 (6-esimo, riprovo fra 60s): Order has violated: TENNIS_MODO_ORDINI Error: modo ordini tennis PAPER («Ordini reali» della Control Room): apertura 'live' RIFIUTATA - si cambia da Control Room, Ordini reali
WARNING:Betfair.stream.tennis_scalper.tennis_scalper_bot:[scalper] piazzamento RIFIUTATO sel=9633138 BACK @1.27 per 2.0 (7-esimo, riprovo fra 60s): Order has violated: TENNIS_MODO_ORDINI Error: modo ordini tennis PAPER («Ordini reali» della Control Room): apertura 'live' RIFIUTATA - si cambia da Control Room, Ordini reali
WARNING:Betfair.stream.tennis_scalper.tennis_scalper_bot:[scalper] piazzamento RIFIUTATO sel=35635727 BACK @7.0 per 2.0 (7-esimo, riprovo fra 60s): Order has violated: TENNIS_MODO_ORDINI Error: modo ordini tennis PAPER («Ordini reali» della Control Room): apertura 'live' RIFIUTATA - si cambia da Control Room, Ordini reali
WARNING:Betfair.stream.tennis_scalper.tennis_scalper_bot:[scalper] piazzamento RIFIUTATO sel=9633138 BACK @1.37 per 2.0 (8-esimo, riprovo fra 60s): Order has violated: TENNIS_MODO_ORDINI Error: modo ordini tennis PAPER («Ordini reali» della Control Room): apertura 'live' RIFIUTATA - si cambia da Control Room, Ordini reali
WARNING:Betfair.stream.tennis_scalper.tennis_scalper_bot:[scalper] piazzamento RIFIUTATO sel=35635727 BACK @4.0 per 2.0 (8-esimo, riprovo fra 60s): Order has violated: TENNIS_MODO_ORDINI Error: modo ordini tennis PAPER («Ordini reali» della Control Room): apertura 'live' RIFIUTATA - si cambia da Control Room, Ordini reali
WARNING:Betfair.stream.tennis_scalper.tennis_scalper_bot:[scalper] piazzamento RIFIUTATO sel=9633138 BACK @1.3 per 2.0 (9-esimo, riprovo fra 60s): Order has violated: TENNIS_MODO_ORDINI Error: modo ordini tennis PAPER («Ordini reali» della Control Room): apertura 'live' RIFIUTATA - si cambia da Control Room, Ordini reali
WARNING:Betfair.stream.tennis_scalper.tennis_scalper_bot:[scalper] piazzamento RIFIUTATO sel=9633138 BACK @1.54 per 2.0 (10-esimo, riprovo fra 60s): Order has violated: TENNIS_MODO_ORDINI Error: modo ordini tennis PAPER («Ordini reali» della Control Room): apertura 'live' RIFIUTATA - si cambia da Control Room, Ordini reali
WARNING:Betfair.stream.tennis_scalper.tennis_scalper_bot:[scalper] piazzamento RIFIUTATO sel=35635727 BACK @2.96 per 2.0 (9-esimo, riprovo fra 60s): Order has violated: TENNIS_MODO_ORDINI Error: modo ordini tennis PAPER («Ordini reali» della Control Room): apertura 'live' RIFIUTATA - si cambia da Control Room, Ordini reali
WARNING:Betfair.stream.tennis_scalper.tennis_scalper_bot:[scalper] piazzamento RIFIUTATO sel=9633138 BACK @1.54 per 2.0 (11-esimo, riprovo fra 60s): Order has violated: TENNIS_MODO_ORDINI Error: modo ordini tennis PAPER («Ordini reali» della Control Room): apertura 'live' RIFIUTATA - si cambia da Control Room, Ordini reali
WARNING:Betfair.stream.tennis_scalper.tennis_scalper_bot:[scalper] piazzamento RIFIUTATO sel=35635727 BACK @2.96 per 2.0 (10-esimo, riprovo fra 60s): Order has violated: TENNIS_MODO_ORDINI Error: modo ordini tennis PAPER («Ordini reali» della Control Room): apertura 'live' RIFIUTATA - si cambia da Control Room, Ordini reali
WARNING:Betfair.stream.tennis_scalper.tennis_scalper_bot:[scalper] piazzamento RIFIUTATO sel=9633138 BACK @1.54 per 2.0 (12-esimo, riprovo fra 60s): Order has violated: TENNIS_MODO_ORDINI Error: modo ordini tennis PAPER («Ordini reali» della Control Room): apertura 'live' RIFIUTATA - si cambia da Control Room, Ordini reali
WARNING:Betfair.stream.tennis_scalper.tennis_scalper_bot:[scalper] piazzamento RIFIUTATO sel=35635727 BACK @2.96 per 2.0 (11-esimo, riprovo fra 60s): Order has violated: TENNIS_MODO_ORDINI Error: modo ordini tennis PAPER («Ordini reali» della Control Room): apertura 'live' RIFIUTATA - si cambia da Control Room, Ordini reali
WARNING:Betfair.stream.tennis_scalper.tennis_scalper_bot:[scalper] piazzamento RIFIUTATO sel=9633138 BACK @1.54 per 2.0 (13-esimo, riprovo fra 60s): Order has violated: TENNIS_MODO_ORDINI Error: modo ordini tennis PAPER («Ordini reali» della Control Room): apertura 'live' RIFIUTATA - si cambia da Control Room, Ordini reali
WARNING:Betfair.stream.tennis_scalper.tennis_scalper_bot:[scalper] piazzamento RIFIUTATO sel=35635727 BACK @2.92 per 2.0 (12-esimo, riprovo fra 60s): Order has violated: TENNIS_MODO_ORDINI Error: modo ordini tennis PAPER («Ordini reali» della Control Room): apertura 'live' RIFIUTATA - si cambia da Control Room, Ordini reali
WARNING:Betfair.stream.tennis_scalper.tennis_scalper_bot:[scalper] piazzamento RIFIUTATO sel=9633138 BACK @1.65 per 2.0 (14-esimo, riprovo fra 60s): Order has violated: TENNIS_MODO_ORDINI Error: modo ordini tennis PAPER («Ordini reali» della Control Room): apertura 'live' RIFIUTATA - si cambia da Control Room, Ordini reali
WARNING:Betfair.stream.tennis_scalper.tennis_scalper_bot:[scalper] piazzamento RIFIUTATO sel=9633138 BACK @1.64 per 2.0 (15-esimo, riprovo fra 60s): Order has violated: TENNIS_MODO_ORDINI Error: modo ordini tennis PAPER («Ordini reali» della Control Room): apertura 'live' RIFIUTATA - si cambia da Control Room, Ordini reali
WARNING:Betfair.stream.tennis_scalper.tennis_scalper_bot:[scalper] piazzamento RIFIUTATO sel=9633138 BACK @1.65 per 2.0 (16-esimo, riprovo fra 60s): Order has violated: TENNIS_MODO_ORDINI Error: modo ordini tennis PAPER («Ordini reali» della Control Room): apertura 'live' RIFIUTATA - si cambia da Control Room, Ordini reali
WARNING:Betfair.stream.tennis_scalper.tennis_scalper_bot:[scalper] piazzamento RIFIUTATO sel=9633138 BACK @1.65 per 2.0 (17-esimo, riprovo fra 60s): Order has violated: TENNIS_MODO_ORDINI Error: modo ordini tennis PAPER («Ordini reali» della Control Room): apertura 'live' RIFIUTATA - si cambia da Control Room, Ordini reali
WARNING:Betfair.stream.tennis_scalper.tennis_scalper_bot:[scalper] piazzamento RIFIUTATO sel=9633138 BACK @1.65 per 2.0 (18-esimo, riprovo fra 60s): Order has violated: TENNIS_MODO_ORDINI Error: modo ordini tennis PAPER («Ordini reali» della Control Room): apertura 'live' RIFIUTATA - si cambia da Control Room, Ordini reali
WARNING:Betfair.stream.tennis_scalper.tennis_scalper_bot:[scalper] piazzamento RIFIUTATO sel=9633138 BACK @1.65 per 2.0 (19-esimo, riprovo fra 60s): Order has violated: TENNIS_MODO_ORDINI Error: modo ordini tennis PAPER («Ordini reali» della Control Room): apertura 'live' RIFIUTATA - si cambia da Control Room, Ordini reali
WARNING:Betfair.stream.tennis_scalper.tennis_scalper_bot:[scalper] piazzamento RIFIUTATO sel=35635727 BACK @2.78 per 2.0 (13-esimo, riprovo fra 60s): Order has violated: TENNIS_MODO_ORDINI Error: modo ordini tennis PAPER («Ordini reali» della Control Room): apertura 'live' RIFIUTATA - si cambia da Control Room, Ordini reali
WARNING:Betfair.stream.tennis_scalper.tennis_scalper_bot:[scalper] piazzamento RIFIUTATO sel=9633138 BACK @1.74 per 2.0 (20-esimo, riprovo fra 60s): Order has violated: TENNIS_MODO_ORDINI Error: modo ordini tennis PAPER («Ordini reali» della Control Room): apertura 'live' RIFIUTATA - si cambia da Control Room, Ordini reali
WARNING:Betfair.stream.tennis_scalper.tennis_scalper_bot:[scalper] piazzamento RIFIUTATO sel=35635727 BACK @2.32 per 2.0 (14-esimo, riprovo fra 60s): Order has violated: TENNIS_MODO_ORDINI Error: modo ordini tennis PAPER («Ordini reali» della Control Room): apertura 'live' RIFIUTATA - si cambia da Control Room, Ordini reali
WARNING:Betfair.stream.tennis_scalper.tennis_scalper_bot:[scalper] piazzamento RIFIUTATO sel=35635727 BACK @2.46 per 2.0 (15-esimo, riprovo fra 60s): Order has violated: TENNIS_MODO_ORDINI Error: modo ordini tennis PAPER («Ordini reali» della Control Room): apertura 'live' RIFIUTATA - si cambia da Control Room, Ordini reali
WARNING:Betfair.stream.tennis_scalper.tennis_scalper_bot:[scalper] piazzamento RIFIUTATO sel=35635727 BACK @2.66 per 2.0 (16-esimo, riprovo fra 60s): Order has violated: TENNIS_MODO_ORDINI Error: modo ordini tennis PAPER («Ordini reali» della Control Room): apertura 'live' RIFIUTATA - si cambia da Control Room, Ordini reali
WARNING:Betfair.stream.tennis_scalper.tennis_scalper_bot:[scalper] piazzamento RIFIUTATO sel=35635727 BACK @3.4 per 2.0 (17-esimo, riprovo fra 60s): Order has violated: TENNIS_MODO_ORDINI Error: modo ordini tennis PAPER («Ordini reali» della Control Room): apertura 'live' RIFIUTATA - si cambia da Control Room, Ordini reali
WARNING:Betfair.stream.tennis_scalper.tennis_scalper_bot:[scalper] piazzamento RIFIUTATO sel=35635727 BACK @3.2 per 2.0 (18-esimo, riprovo fra 60s): Order has violated: TENNIS_MODO_ORDINI Error: modo ordini tennis PAPER («Ordini reali» della Control Room): apertura 'live' RIFIUTATA - si cambia da Control Room, Ordini reali
WARNING:Betfair.stream.tennis_scalper.tennis_scalper_bot:[scalper] piazzamento RIFIUTATO sel=35635727 BACK @3.0 per 2.0 (19-esimo, riprovo fra 60s): Order has violated: TENNIS_MODO_ORDINI Error: modo ordini tennis PAPER («Ordini reali» della Control Room): apertura 'live' RIFIUTATA - si cambia da Control Room, Ordini reali
WARNING:Betfair.stream.tennis_scalper.tennis_scalper_bot:[scalper] piazzamento RIFIUTATO sel=35635727 BACK @2.36 per 2.0 (20-esimo, riprovo fra 60s): Order has violated: TENNIS_MODO_ORDINI Error: modo ordini tennis PAPER («Ordini reali» della Control Room): apertura 'live' RIFIUTATA - si cambia da Control Room, Ordini reali
