WARNING:flumine.controls:Order has violated: REPLAY_RIFIUTA_PRIMI Error: rifiuto iniettato dal replay
WARNING:Betfair.stream.scalper.scalper_bot:[scalper] piazzamento RIFIUTATO sel=22 BACK @1.66 per 25.0 (1-esimo, ingressi fermi 1s): Order has violated: REPLAY_RIFIUTA_PRIMI Error: rifiuto iniettato dal replay
WARNING:flumine.controls:Order has violated: REPLAY_RIFIUTA_PRIMI Error: rifiuto iniettato dal replay
WARNING:Betfair.stream.scalper.scalper_bot:[scalper] piazzamento RIFIUTATO sel=22 BACK @1.66 per 25.0 (2-esimo, ingressi fermi 2s): Order has violated: REPLAY_RIFIUTA_PRIMI Error: rifiuto iniettato dal replay
WARNING:flumine.controls:Order has violated: REPLAY_RIFIUTA_PRIMI Error: rifiuto iniettato dal replay
WARNING:Betfair.stream.scalper.scalper_bot:[scalper] piazzamento RIFIUTATO sel=22 BACK @1.66 per 25.0 (3-esimo, ingressi fermi 4s): Order has violated: REPLAY_RIFIUTA_PRIMI Error: rifiuto iniettato dal replay
WARNING:flumine.controls:Order has violated: REPLAY_RIFIUTA_PRIMI Error: rifiuto iniettato dal replay
WARNING:Betfair.stream.scalper.scalper_bot:[scalper] piazzamento RIFIUTATO sel=22 BACK @1.66 per 25.0 (4-esimo, ingressi fermi 8s): Order has violated: REPLAY_RIFIUTA_PRIMI Error: rifiuto iniettato dal replay
WARNING:flumine.controls:Order has violated: REPLAY_RIFIUTA_PRIMI Error: rifiuto iniettato dal replay
WARNING:Betfair.stream.scalper.scalper_bot:[scalper] piazzamento RIFIUTATO sel=22 BACK @1.66 per 25.0 (5-esimo, ingressi fermi 16s): Order has violated: REPLAY_RIFIUTA_PRIMI Error: rifiuto iniettato dal replay
WARNING:flumine.controls:Order has violated: REPLAY_RIFIUTA_PRIMI Error: rifiuto iniettato dal replay
WARNING:Betfair.stream.scalper.scalper_bot:[scalper] piazzamento RIFIUTATO sel=22 BACK @1.66 per 25.0 (6-esimo, ingressi fermi 30s): Order has violated: REPLAY_RIFIUTA_PRIMI Error: rifiuto iniettato dal replay
WARNING:flumine.strategy.strategy:Strategy of same name 'scm35797769' already added
WARNING:flumine.strategy.runnercontext:Trade '4dc9be0b-dbf4-40c9-812d-10796b394e51' not present in RunnerContext live_trades on reset
WARNING:flumine.strategy.strategy:Strategy of same name 'mu35797769' already added
WARNING:flumine.strategy.runnercontext:Trade 'd42b2188-905d-493c-a489-a2090d39b9a5' not present in RunnerContext live_trades on reset
WARNING:flumine.controls:Order has violated: REPLAY_RIFIUTA_PRIMI Error: rifiuto iniettato dal replay
WARNING:flumine.controls:Order has violated: REPLAY_RIFIUTA_PRIMI Error: rifiuto iniettato dal replay
WARNING:flumine.controls:Order has violated: REPLAY_RIFIUTA_PRIMI Error: rifiuto iniettato dal replay
WARNING:flumine.controls:Order has violated: REPLAY_RIFIUTA_PRIMI Error: rifiuto iniettato dal replay
WARNING:flumine.controls:Order has violated: REPLAY_RIFIUTA_PRIMI Error: rifiuto iniettato dal replay
WARNING:flumine.controls:Order has violated: REPLAY_RIFIUTA_PRIMI Error: rifiuto iniettato dal replay
WARNING:flumine.strategy.strategy:Strategy of same name 'mu35797769' already added
WARNING:flumine.strategy.runnercontext:Trade 'fed86c28-2a96-440f-8e82-eaa0957b2c30' not present in RunnerContext live_trades on reset

real	116m52.399s
user	0m0.000s
sys	0m0.015s
